../Core/Src/main.c:135:6:SystemClock_Config	80	static,ignoring_inline_asm
../Core/Src/main.c:83:5:main	88	static,ignoring_inline_asm
../Core/Src/main.c:381:7:max	16	static
../Core/Src/main.c:382:7:min	16	static
../Core/Src/main.c:383:7:linear_map	24	static
../Core/Src/main.c:390:7:PID	32	static
../Core/Src/main.c:429:6:HAL_ADC_ConvCpltCallback	8	static
../Core/Src/main.c:450:6:HAL_TIM_IC_CaptureCallback	16	static
../Core/Src/main.c:473:6:HAL_TIM_PWM_PulseFinishedCallback	8	static
../Core/Src/main.c:488:6:Error_Handler	0	static,ignoring_inline_asm
