../Core/Src/main.c:83:5:main	8	static
../Core/Src/main.c:135:6:SystemClock_Config	88	static
../Core/Src/main.c:179:13:MX_ADC_Init	16	static
../Core/Src/main.c:235:13:MX_TIM2_Init	48	static
../Core/Src/main.c:294:13:MX_TIM21_Init	72	static
../Core/Src/main.c:368:13:MX_GPIO_Init	16	static
../Core/Src/main.c:381:7:max	16	static
../Core/Src/main.c:382:7:min	16	static
../Core/Src/main.c:383:7:linear_map	32	static
../Core/Src/main.c:390:7:PID	56	static
../Core/Src/main.c:429:6:HAL_ADC_ConvCpltCallback	40	static
../Core/Src/main.c:450:6:HAL_TIM_IC_CaptureCallback	32	static
../Core/Src/main.c:473:6:HAL_TIM_PWM_PulseFinishedCallback	16	static
../Core/Src/main.c:488:6:Error_Handler	8	static,ignoring_inline_asm
