../Core/Src/main.c:87:5:main	16	static
../Core/Src/main.c:147:6:SystemClock_Config	88	static
../Core/Src/main.c:191:13:MX_ADC_Init	16	static
../Core/Src/main.c:247:13:MX_TIM2_Init	48	static
../Core/Src/main.c:307:13:MX_TIM21_Init	72	static
../Core/Src/main.c:381:13:MX_GPIO_Init	16	static
../Core/Src/main.c:394:7:max	16	static
../Core/Src/main.c:395:7:min	16	static
../Core/Src/main.c:396:7:linear_map	32	static
../Core/Src/main.c:401:6:HAL_ADC_ConvCpltCallback	32	static
../Core/Src/main.c:411:6:HAL_TIM_IC_CaptureCallback	24	static
../Core/Src/main.c:432:6:Error_Handler	8	static,ignoring_inline_asm
