../Core/Src/main.c:136:6:SystemClock_Config	80	static,ignoring_inline_asm
../Core/Src/main.c:84:5:main	88	static,ignoring_inline_asm
../Core/Src/main.c:382:7:max	16	static
../Core/Src/main.c:383:7:min	16	static
../Core/Src/main.c:384:7:linear_map	24	static
../Core/Src/main.c:391:7:PID	32	static
../Core/Src/main.c:430:6:HAL_ADC_ConvCpltCallback	8	static
../Core/Src/main.c:451:6:HAL_TIM_IC_CaptureCallback	8	static
../Core/Src/main.c:476:6:HAL_TIM_PWM_PulseFinishedCallback	8	static
../Core/Src/main.c:491:6:Error_Handler	0	static,ignoring_inline_asm
