../Core/Src/main.c:84:5:main	8	static
../Core/Src/main.c:136:6:SystemClock_Config	88	static
../Core/Src/main.c:180:13:MX_ADC_Init	16	static
../Core/Src/main.c:236:13:MX_TIM2_Init	48	static
../Core/Src/main.c:295:13:MX_TIM21_Init	72	static
../Core/Src/main.c:369:13:MX_GPIO_Init	16	static
../Core/Src/main.c:382:7:max	16	static
../Core/Src/main.c:383:7:min	16	static
../Core/Src/main.c:384:7:linear_map	32	static
../Core/Src/main.c:391:7:PID	56	static
../Core/Src/main.c:430:6:HAL_ADC_ConvCpltCallback	40	static
../Core/Src/main.c:451:6:HAL_TIM_IC_CaptureCallback	32	static
../Core/Src/main.c:476:6:HAL_TIM_PWM_PulseFinishedCallback	16	static
../Core/Src/main.c:491:6:Error_Handler	8	static,ignoring_inline_asm
