16:11:09 **** Incremental Build of configuration Release for project ADC with PulseLength input and output ****
make -j12 all 
arm-none-eabi-gcc "../Core/Src/main.c" -mcpu=cortex-m0plus -std=gnu11 -DUSE_HAL_DRIVER -DSTM32L011xx -c -I../Core/Inc -I../Drivers/STM32L0xx_HAL_Driver/Inc -I../Drivers/STM32L0xx_HAL_Driver/Inc/Legacy -I../Drivers/CMSIS/Device/ST/STM32L0xx/Include -I../Drivers/CMSIS/Include -Os -ffunction-sections -fdata-sections -Wall -fstack-usage -fcyclomatic-complexity -MMD -MP -MF"Core/Src/main.d" -MT"Core/Src/main.o" --specs=nano.specs -mfloat-abi=soft -mthumb -o "Core/Src/main.o"
arm-none-eabi-gcc -o "ADC with PulseLength input and output.elf" @"objects.list"   -mcpu=cortex-m0plus -T"/home/psabater/THRUST/thrust_controller-main/firmware/ADC with PulseLength input and output/STM32L011F4PX_FLASH.ld" --specs=nosys.specs -Wl,-Map="ADC with PulseLength input and output.map" -Wl,--gc-sections -static --specs=nano.specs -mfloat-abi=soft -mthumb -Wl,--start-group -lc -lm -Wl,--end-group
Finished building target: ADC with PulseLength input and output.elf
 
arm-none-eabi-size   ADC\ with\ PulseLength\ input\ and\ output.elf 
arm-none-eabi-objdump -h -S  ADC\ with\ PulseLength\ input\ and\ output.elf  > "ADC with PulseLength input and output.list"
   text	   data	    bss	    dec	    hex	filename
  12956	     24	   1824	  14804	   39d4	ADC with PulseLength input and output.elf
Finished building: default.size.stdout
 
Finished building: ADC with PulseLength input and output.list
 

16:11:09 Build Finished. 0 errors, 0 warnings. (took 613ms)

