15:35:16 **** Incremental Build of configuration Release for project ADCreadPWMgeneration_4kHz ****
make -j12 all 
arm-none-eabi-gcc "../Core/Src/main.c" -mcpu=cortex-m0plus -std=gnu11 -DUSE_HAL_DRIVER -DSTM32L011xx -c -I../Core/Inc -I../Drivers/STM32L0xx_HAL_Driver/Inc -I../Drivers/STM32L0xx_HAL_Driver/Inc/Legacy -I../Drivers/CMSIS/Device/ST/STM32L0xx/Include -I../Drivers/CMSIS/Include -Os -ffunction-sections -fdata-sections -Wall -fstack-usage -fcyclomatic-complexity -MMD -MP -MF"Core/Src/main.d" -MT"Core/Src/main.o" --specs=nano.specs -mfloat-abi=soft -mthumb -o "Core/Src/main.o"
arm-none-eabi-gcc -o "ADCreadPWMgeneration_4kHz.elf" @"objects.list"   -mcpu=cortex-m0plus -T"/home/psabater/THRUST/thrust_controller-main/firmware/ADCreadPWMgeneration_4kHz/STM32L011F4PX_FLASH.ld" --specs=nosys.specs -Wl,-Map="ADCreadPWMgeneration_4kHz.map" -Wl,--gc-sections -static --specs=nano.specs -mfloat-abi=soft -mthumb -Wl,--start-group -lc -lm -Wl,--end-group
Finished building target: ADCreadPWMgeneration_4kHz.elf
 
arm-none-eabi-size   ADCreadPWMgeneration_4kHz.elf 
arm-none-eabi-objdump -h -S  ADCreadPWMgeneration_4kHz.elf  > "ADCreadPWMgeneration_4kHz.list"
   text	   data	    bss	    dec	    hex	filename
  12408	     24	   1808	  14240	   37a0	ADCreadPWMgeneration_4kHz.elf
Finished building: default.size.stdout
 
Finished building: ADCreadPWMgeneration_4kHz.list
 

15:35:17 Build Finished. 0 errors, 0 warnings. (took 669ms)

