13:45:10 **** Incremental Build of configuration Release for project ADC with PulseLength input and output ****
make -j12 all 
arm-none-eabi-gcc "../Drivers/STM32L0xx_HAL_Driver/Src/stm32l0xx_hal.c" -mcpu=cortex-m0plus -std=gnu11 -DUSE_HAL_DRIVER -DSTM32L011xx -c -I../Core/Inc -I../Drivers/STM32L0xx_HAL_Driver/Inc -I../Drivers/STM32L0xx_HAL_Driver/Inc/Legacy -I../Drivers/CMSIS/Device/ST/STM32L0xx/Include -I../Drivers/CMSIS/Include -Os -ffunction-sections -fdata-sections -Wall -fstack-usage -fcyclomatic-complexity -MMD -MP -MF"Drivers/STM32L0xx_HAL_Driver/Src/stm32l0xx_hal.d" -MT"Drivers/STM32L0xx_HAL_Driver/Src/stm32l0xx_hal.o" --specs=nano.specs -mfloat-abi=soft -mthumb -o "Drivers/STM32L0xx_HAL_Driver/Src/stm32l0xx_hal.o"
arm-none-eabi-gcc "../Drivers/STM32L0xx_HAL_Driver/Src/stm32l0xx_hal_adc.c" -mcpu=cortex-m0plus -std=gnu11 -DUSE_HAL_DRIVER -DSTM32L011xx -c -I../Core/Inc -I../Drivers/STM32L0xx_HAL_Driver/Inc -I../Drivers/STM32L0xx_HAL_Driver/Inc/Legacy -I../Drivers/CMSIS/Device/ST/STM32L0xx/Include -I../Drivers/CMSIS/Include -Os -ffunction-sections -fdata-sections -Wall -fstack-usage -fcyclomatic-complexity -MMD -MP -MF"Drivers/STM32L0xx_HAL_Driver/Src/stm32l0xx_hal_adc.d" -MT"Drivers/STM32L0xx_HAL_Driver/Src/stm32l0xx_hal_adc.o" --specs=nano.specs -mfloat-abi=soft -mthumb -o "Drivers/STM32L0xx_HAL_Driver/Src/stm32l0xx_hal_adc.o"
arm-none-eabi-gcc "../Drivers/STM32L0xx_HAL_Driver/Src/stm32l0xx_hal_adc_ex.c" -mcpu=cortex-m0plus -std=gnu11 -DUSE_HAL_DRIVER -DSTM32L011xx -c -I../Core/Inc -I../Drivers/STM32L0xx_HAL_Driver/Inc -I../Drivers/STM32L0xx_HAL_Driver/Inc/Legacy -I../Drivers/CMSIS/Device/ST/STM32L0xx/Include -I../Drivers/CMSIS/Include -Os -ffunction-sections -fdata-sections -Wall -fstack-usage -fcyclomatic-complexity -MMD -MP -MF"Drivers/STM32L0xx_HAL_Driver/Src/stm32l0xx_hal_adc_ex.d" -MT"Drivers/STM32L0xx_HAL_Driver/Src/stm32l0xx_hal_adc_ex.o" --specs=nano.specs -mfloat-abi=soft -mthumb -o "Drivers/STM32L0xx_HAL_Driver/Src/stm32l0xx_hal_adc_ex.o"
arm-none-eabi-gcc "../Drivers/STM32L0xx_HAL_Driver/Src/stm32l0xx_hal_cortex.c" -mcpu=cortex-m0plus -std=gnu11 -DUSE_HAL_DRIVER -DSTM32L011xx -c -I../Core/Inc -I../Drivers/STM32L0xx_HAL_Driver/Inc -I../Drivers/STM32L0xx_HAL_Driver/Inc/Legacy -I../Drivers/CMSIS/Device/ST/STM32L0xx/Include -I../Drivers/CMSIS/Include -Os -ffunction-sections -fdata-sections -Wall -fstack-usage -fcyclomatic-complexity -MMD -MP -MF"Drivers/STM32L0xx_HAL_Driver/Src/stm32l0xx_hal_cortex.d" -MT"Drivers/STM32L0xx_HAL_Driver/Src/stm32l0xx_hal_cortex.o" --specs=nano.specs -mfloat-abi=soft -mthumb -o "Drivers/STM32L0xx_HAL_Driver/Src/stm32l0xx_hal_cortex.o"
arm-none-eabi-gcc "../Drivers/STM32L0xx_HAL_Driver/Src/stm32l0xx_hal_dma.c" -mcpu=cortex-m0plus -std=gnu11 -DUSE_HAL_DRIVER -DSTM32L011xx -c -I../Core/Inc -I../Drivers/STM32L0xx_HAL_Driver/Inc -I../Drivers/STM32L0xx_HAL_Driver/Inc/Legacy -I../Drivers/CMSIS/Device/ST/STM32L0xx/Include -I../Drivers/CMSIS/Include -Os -ffunction-sections -fdata-sections -Wall -fstack-usage -fcyclomatic-complexity -MMD -MP -MF"Drivers/STM32L0xx_HAL_Driver/Src/stm32l0xx_hal_dma.d" -MT"Drivers/STM32L0xx_HAL_Driver/Src/stm32l0xx_hal_dma.o" --specs=nano.specs -mfloat-abi=soft -mthumb -o "Drivers/STM32L0xx_HAL_Driver/Src/stm32l0xx_hal_dma.o"
arm-none-eabi-gcc "../Drivers/STM32L0xx_HAL_Driver/Src/stm32l0xx_hal_exti.c" -mcpu=cortex-m0plus -std=gnu11 -DUSE_HAL_DRIVER -DSTM32L011xx -c -I../Core/Inc -I../Drivers/STM32L0xx_HAL_Driver/Inc -I../Drivers/STM32L0xx_HAL_Driver/Inc/Legacy -I../Drivers/CMSIS/Device/ST/STM32L0xx/Include -I../Drivers/CMSIS/Include -Os -ffunction-sections -fdata-sections -Wall -fstack-usage -fcyclomatic-complexity -MMD -MP -MF"Drivers/STM32L0xx_HAL_Driver/Src/stm32l0xx_hal_exti.d" -MT"Drivers/STM32L0xx_HAL_Driver/Src/stm32l0xx_hal_exti.o" --specs=nano.specs -mfloat-abi=soft -mthumb -o "Drivers/STM32L0xx_HAL_Driver/Src/stm32l0xx_hal_exti.o"
arm-none-eabi-gcc "../Drivers/STM32L0xx_HAL_Driver/Src/stm32l0xx_hal_flash.c" -mcpu=cortex-m0plus -std=gnu11 -DUSE_HAL_DRIVER -DSTM32L011xx -c -I../Core/Inc -I../Drivers/STM32L0xx_HAL_Driver/Inc -I../Drivers/STM32L0xx_HAL_Driver/Inc/Legacy -I../Drivers/CMSIS/Device/ST/STM32L0xx/Include -I../Drivers/CMSIS/Include -Os -ffunction-sections -fdata-sections -Wall -fstack-usage -fcyclomatic-complexity -MMD -MP -MF"Drivers/STM32L0xx_HAL_Driver/Src/stm32l0xx_hal_flash.d" -MT"Drivers/STM32L0xx_HAL_Driver/Src/stm32l0xx_hal_flash.o" --specs=nano.specs -mfloat-abi=soft -mthumb -o "Drivers/STM32L0xx_HAL_Driver/Src/stm32l0xx_hal_flash.o"
arm-none-eabi-gcc "../Drivers/STM32L0xx_HAL_Driver/Src/stm32l0xx_hal_flash_ex.c" -mcpu=cortex-m0plus -std=gnu11 -DUSE_HAL_DRIVER -DSTM32L011xx -c -I../Core/Inc -I../Drivers/STM32L0xx_HAL_Driver/Inc -I../Drivers/STM32L0xx_HAL_Driver/Inc/Legacy -I../Drivers/CMSIS/Device/ST/STM32L0xx/Include -I../Drivers/CMSIS/Include -Os -ffunction-sections -fdata-sections -Wall -fstack-usage -fcyclomatic-complexity -MMD -MP -MF"Drivers/STM32L0xx_HAL_Driver/Src/stm32l0xx_hal_flash_ex.d" -MT"Drivers/STM32L0xx_HAL_Driver/Src/stm32l0xx_hal_flash_ex.o" --specs=nano.specs -mfloat-abi=soft -mthumb -o "Drivers/STM32L0xx_HAL_Driver/Src/stm32l0xx_hal_flash_ex.o"
arm-none-eabi-gcc "../Drivers/STM32L0xx_HAL_Driver/Src/stm32l0xx_hal_flash_ramfunc.c" -mcpu=cortex-m0plus -std=gnu11 -DUSE_HAL_DRIVER -DSTM32L011xx -c -I../Core/Inc -I../Drivers/STM32L0xx_HAL_Driver/Inc -I../Drivers/STM32L0xx_HAL_Driver/Inc/Legacy -I../Drivers/CMSIS/Device/ST/STM32L0xx/Include -I../Drivers/CMSIS/Include -Os -ffunction-sections -fdata-sections -Wall -fstack-usage -fcyclomatic-complexity -MMD -MP -MF"Drivers/STM32L0xx_HAL_Driver/Src/stm32l0xx_hal_flash_ramfunc.d" -MT"Drivers/STM32L0xx_HAL_Driver/Src/stm32l0xx_hal_flash_ramfunc.o" --specs=nano.specs -mfloat-abi=soft -mthumb -o "Drivers/STM32L0xx_HAL_Driver/Src/stm32l0xx_hal_flash_ramfunc.o"
arm-none-eabi-gcc "../Drivers/STM32L0xx_HAL_Driver/Src/stm32l0xx_hal_gpio.c" -mcpu=cortex-m0plus -std=gnu11 -DUSE_HAL_DRIVER -DSTM32L011xx -c -I../Core/Inc -I../Drivers/STM32L0xx_HAL_Driver/Inc -I../Drivers/STM32L0xx_HAL_Driver/Inc/Legacy -I../Drivers/CMSIS/Device/ST/STM32L0xx/Include -I../Drivers/CMSIS/Include -Os -ffunction-sections -fdata-sections -Wall -fstack-usage -fcyclomatic-complexity -MMD -MP -MF"Drivers/STM32L0xx_HAL_Driver/Src/stm32l0xx_hal_gpio.d" -MT"Drivers/STM32L0xx_HAL_Driver/Src/stm32l0xx_hal_gpio.o" --specs=nano.specs -mfloat-abi=soft -mthumb -o "Drivers/STM32L0xx_HAL_Driver/Src/stm32l0xx_hal_gpio.o"
arm-none-eabi-gcc "../Drivers/STM32L0xx_HAL_Driver/Src/stm32l0xx_hal_i2c.c" -mcpu=cortex-m0plus -std=gnu11 -DUSE_HAL_DRIVER -DSTM32L011xx -c -I../Core/Inc -I../Drivers/STM32L0xx_HAL_Driver/Inc -I../Drivers/STM32L0xx_HAL_Driver/Inc/Legacy -I../Drivers/CMSIS/Device/ST/STM32L0xx/Include -I../Drivers/CMSIS/Include -Os -ffunction-sections -fdata-sections -Wall -fstack-usage -fcyclomatic-complexity -MMD -MP -MF"Drivers/STM32L0xx_HAL_Driver/Src/stm32l0xx_hal_i2c.d" -MT"Drivers/STM32L0xx_HAL_Driver/Src/stm32l0xx_hal_i2c.o" --specs=nano.specs -mfloat-abi=soft -mthumb -o "Drivers/STM32L0xx_HAL_Driver/Src/stm32l0xx_hal_i2c.o"
arm-none-eabi-gcc "../Drivers/STM32L0xx_HAL_Driver/Src/stm32l0xx_hal_i2c_ex.c" -mcpu=cortex-m0plus -std=gnu11 -DUSE_HAL_DRIVER -DSTM32L011xx -c -I../Core/Inc -I../Drivers/STM32L0xx_HAL_Driver/Inc -I../Drivers/STM32L0xx_HAL_Driver/Inc/Legacy -I../Drivers/CMSIS/Device/ST/STM32L0xx/Include -I../Drivers/CMSIS/Include -Os -ffunction-sections -fdata-sections -Wall -fstack-usage -fcyclomatic-complexity -MMD -MP -MF"Drivers/STM32L0xx_HAL_Driver/Src/stm32l0xx_hal_i2c_ex.d" -MT"Drivers/STM32L0xx_HAL_Driver/Src/stm32l0xx_hal_i2c_ex.o" --specs=nano.specs -mfloat-abi=soft -mthumb -o "Drivers/STM32L0xx_HAL_Driver/Src/stm32l0xx_hal_i2c_ex.o"
arm-none-eabi-gcc "../Drivers/STM32L0xx_HAL_Driver/Src/stm32l0xx_hal_pwr.c" -mcpu=cortex-m0plus -std=gnu11 -DUSE_HAL_DRIVER -DSTM32L011xx -c -I../Core/Inc -I../Drivers/STM32L0xx_HAL_Driver/Inc -I../Drivers/STM32L0xx_HAL_Driver/Inc/Legacy -I../Drivers/CMSIS/Device/ST/STM32L0xx/Include -I../Drivers/CMSIS/Include -Os -ffunction-sections -fdata-sections -Wall -fstack-usage -fcyclomatic-complexity -MMD -MP -MF"Drivers/STM32L0xx_HAL_Driver/Src/stm32l0xx_hal_pwr.d" -MT"Drivers/STM32L0xx_HAL_Driver/Src/stm32l0xx_hal_pwr.o" --specs=nano.specs -mfloat-abi=soft -mthumb -o "Drivers/STM32L0xx_HAL_Driver/Src/stm32l0xx_hal_pwr.o"
arm-none-eabi-gcc "../Drivers/STM32L0xx_HAL_Driver/Src/stm32l0xx_hal_pwr_ex.c" -mcpu=cortex-m0plus -std=gnu11 -DUSE_HAL_DRIVER -DSTM32L011xx -c -I../Core/Inc -I../Drivers/STM32L0xx_HAL_Driver/Inc -I../Drivers/STM32L0xx_HAL_Driver/Inc/Legacy -I../Drivers/CMSIS/Device/ST/STM32L0xx/Include -I../Drivers/CMSIS/Include -Os -ffunction-sections -fdata-sections -Wall -fstack-usage -fcyclomatic-complexity -MMD -MP -MF"Drivers/STM32L0xx_HAL_Driver/Src/stm32l0xx_hal_pwr_ex.d" -MT"Drivers/STM32L0xx_HAL_Driver/Src/stm32l0xx_hal_pwr_ex.o" --specs=nano.specs -mfloat-abi=soft -mthumb -o "Drivers/STM32L0xx_HAL_Driver/Src/stm32l0xx_hal_pwr_ex.o"
arm-none-eabi-gcc "../Drivers/STM32L0xx_HAL_Driver/Src/stm32l0xx_hal_rcc.c" -mcpu=cortex-m0plus -std=gnu11 -DUSE_HAL_DRIVER -DSTM32L011xx -c -I../Core/Inc -I../Drivers/STM32L0xx_HAL_Driver/Inc -I../Drivers/STM32L0xx_HAL_Driver/Inc/Legacy -I../Drivers/CMSIS/Device/ST/STM32L0xx/Include -I../Drivers/CMSIS/Include -Os -ffunction-sections -fdata-sections -Wall -fstack-usage -fcyclomatic-complexity -MMD -MP -MF"Drivers/STM32L0xx_HAL_Driver/Src/stm32l0xx_hal_rcc.d" -MT"Drivers/STM32L0xx_HAL_Driver/Src/stm32l0xx_hal_rcc.o" --specs=nano.specs -mfloat-abi=soft -mthumb -o "Drivers/STM32L0xx_HAL_Driver/Src/stm32l0xx_hal_rcc.o"
arm-none-eabi-gcc "../Drivers/STM32L0xx_HAL_Driver/Src/stm32l0xx_hal_rcc_ex.c" -mcpu=cortex-m0plus -std=gnu11 -DUSE_HAL_DRIVER -DSTM32L011xx -c -I../Core/Inc -I../Drivers/STM32L0xx_HAL_Driver/Inc -I../Drivers/STM32L0xx_HAL_Driver/Inc/Legacy -I../Drivers/CMSIS/Device/ST/STM32L0xx/Include -I../Drivers/CMSIS/Include -Os -ffunction-sections -fdata-sections -Wall -fstack-usage -fcyclomatic-complexity -MMD -MP -MF"Drivers/STM32L0xx_HAL_Driver/Src/stm32l0xx_hal_rcc_ex.d" -MT"Drivers/STM32L0xx_HAL_Driver/Src/stm32l0xx_hal_rcc_ex.o" --specs=nano.specs -mfloat-abi=soft -mthumb -o "Drivers/STM32L0xx_HAL_Driver/Src/stm32l0xx_hal_rcc_ex.o"
arm-none-eabi-gcc "../Drivers/STM32L0xx_HAL_Driver/Src/stm32l0xx_hal_tim.c" -mcpu=cortex-m0plus -std=gnu11 -DUSE_HAL_DRIVER -DSTM32L011xx -c -I../Core/Inc -I../Drivers/STM32L0xx_HAL_Driver/Inc -I../Drivers/STM32L0xx_HAL_Driver/Inc/Legacy -I../Drivers/CMSIS/Device/ST/STM32L0xx/Include -I../Drivers/CMSIS/Include -Os -ffunction-sections -fdata-sections -Wall -fstack-usage -fcyclomatic-complexity -MMD -MP -MF"Drivers/STM32L0xx_HAL_Driver/Src/stm32l0xx_hal_tim.d" -MT"Drivers/STM32L0xx_HAL_Driver/Src/stm32l0xx_hal_tim.o" --specs=nano.specs -mfloat-abi=soft -mthumb -o "Drivers/STM32L0xx_HAL_Driver/Src/stm32l0xx_hal_tim.o"
arm-none-eabi-gcc "../Drivers/STM32L0xx_HAL_Driver/Src/stm32l0xx_hal_tim_ex.c" -mcpu=cortex-m0plus -std=gnu11 -DUSE_HAL_DRIVER -DSTM32L011xx -c -I../Core/Inc -I../Drivers/STM32L0xx_HAL_Driver/Inc -I../Drivers/STM32L0xx_HAL_Driver/Inc/Legacy -I../Drivers/CMSIS/Device/ST/STM32L0xx/Include -I../Drivers/CMSIS/Include -Os -ffunction-sections -fdata-sections -Wall -fstack-usage -fcyclomatic-complexity -MMD -MP -MF"Drivers/STM32L0xx_HAL_Driver/Src/stm32l0xx_hal_tim_ex.d" -MT"Drivers/STM32L0xx_HAL_Driver/Src/stm32l0xx_hal_tim_ex.o" --specs=nano.specs -mfloat-abi=soft -mthumb -o "Drivers/STM32L0xx_HAL_Driver/Src/stm32l0xx_hal_tim_ex.o"
arm-none-eabi-gcc -mcpu=cortex-m0plus -c -x assembler-with-cpp -MMD -MP -MF"Core/Startup/startup_stm32l011f4px.d" -MT"Core/Startup/startup_stm32l011f4px.o" --specs=nano.specs -mfloat-abi=soft -mthumb -o "Core/Startup/startup_stm32l011f4px.o" "../Core/Startup/startup_stm32l011f4px.s"
arm-none-eabi-gcc "../Core/Src/main.c" -mcpu=cortex-m0plus -std=gnu11 -DUSE_HAL_DRIVER -DSTM32L011xx -c -I../Core/Inc -I../Drivers/STM32L0xx_HAL_Driver/Inc -I../Drivers/STM32L0xx_HAL_Driver/Inc/Legacy -I../Drivers/CMSIS/Device/ST/STM32L0xx/Include -I../Drivers/CMSIS/Include -Os -ffunction-sections -fdata-sections -Wall -fstack-usage -fcyclomatic-complexity -MMD -MP -MF"Core/Src/main.d" -MT"Core/Src/main.o" --specs=nano.specs -mfloat-abi=soft -mthumb -o "Core/Src/main.o"
arm-none-eabi-gcc "../Core/Src/stm32l0xx_hal_msp.c" -mcpu=cortex-m0plus -std=gnu11 -DUSE_HAL_DRIVER -DSTM32L011xx -c -I../Core/Inc -I../Drivers/STM32L0xx_HAL_Driver/Inc -I../Drivers/STM32L0xx_HAL_Driver/Inc/Legacy -I../Drivers/CMSIS/Device/ST/STM32L0xx/Include -I../Drivers/CMSIS/Include -Os -ffunction-sections -fdata-sections -Wall -fstack-usage -fcyclomatic-complexity -MMD -MP -MF"Core/Src/stm32l0xx_hal_msp.d" -MT"Core/Src/stm32l0xx_hal_msp.o" --specs=nano.specs -mfloat-abi=soft -mthumb -o "Core/Src/stm32l0xx_hal_msp.o"
arm-none-eabi-gcc "../Core/Src/stm32l0xx_it.c" -mcpu=cortex-m0plus -std=gnu11 -DUSE_HAL_DRIVER -DSTM32L011xx -c -I../Core/Inc -I../Drivers/STM32L0xx_HAL_Driver/Inc -I../Drivers/STM32L0xx_HAL_Driver/Inc/Legacy -I../Drivers/CMSIS/Device/ST/STM32L0xx/Include -I../Drivers/CMSIS/Include -Os -ffunction-sections -fdata-sections -Wall -fstack-usage -fcyclomatic-complexity -MMD -MP -MF"Core/Src/stm32l0xx_it.d" -MT"Core/Src/stm32l0xx_it.o" --specs=nano.specs -mfloat-abi=soft -mthumb -o "Core/Src/stm32l0xx_it.o"
arm-none-eabi-gcc "../Core/Src/syscalls.c" -mcpu=cortex-m0plus -std=gnu11 -DUSE_HAL_DRIVER -DSTM32L011xx -c -I../Core/Inc -I../Drivers/STM32L0xx_HAL_Driver/Inc -I../Drivers/STM32L0xx_HAL_Driver/Inc/Legacy -I../Drivers/CMSIS/Device/ST/STM32L0xx/Include -I../Drivers/CMSIS/Include -Os -ffunction-sections -fdata-sections -Wall -fstack-usage -fcyclomatic-complexity -MMD -MP -MF"Core/Src/syscalls.d" -MT"Core/Src/syscalls.o" --specs=nano.specs -mfloat-abi=soft -mthumb -o "Core/Src/syscalls.o"
arm-none-eabi-gcc "../Core/Src/sysmem.c" -mcpu=cortex-m0plus -std=gnu11 -DUSE_HAL_DRIVER -DSTM32L011xx -c -I../Core/Inc -I../Drivers/STM32L0xx_HAL_Driver/Inc -I../Drivers/STM32L0xx_HAL_Driver/Inc/Legacy -I../Drivers/CMSIS/Device/ST/STM32L0xx/Include -I../Drivers/CMSIS/Include -Os -ffunction-sections -fdata-sections -Wall -fstack-usage -fcyclomatic-complexity -MMD -MP -MF"Core/Src/sysmem.d" -MT"Core/Src/sysmem.o" --specs=nano.specs -mfloat-abi=soft -mthumb -o "Core/Src/sysmem.o"
arm-none-eabi-gcc "../Core/Src/system_stm32l0xx.c" -mcpu=cortex-m0plus -std=gnu11 -DUSE_HAL_DRIVER -DSTM32L011xx -c -I../Core/Inc -I../Drivers/STM32L0xx_HAL_Driver/Inc -I../Drivers/STM32L0xx_HAL_Driver/Inc/Legacy -I../Drivers/CMSIS/Device/ST/STM32L0xx/Include -I../Drivers/CMSIS/Include -Os -ffunction-sections -fdata-sections -Wall -fstack-usage -fcyclomatic-complexity -MMD -MP -MF"Core/Src/system_stm32l0xx.d" -MT"Core/Src/system_stm32l0xx.o" --specs=nano.specs -mfloat-abi=soft -mthumb -o "Core/Src/system_stm32l0xx.o"
arm-none-eabi-gcc -o "ADC with PulseLength input and output.elf" @"objects.list"   -mcpu=cortex-m0plus -T"/home/psabater/THRUST/thrust_controller-main/firmware/ADC with PulseLength input and output/STM32L011F4PX_FLASH.ld" --specs=nosys.specs -Wl,-Map="ADC with PulseLength input and output.map" -Wl,--gc-sections -static --specs=nano.specs -mfloat-abi=soft -mthumb -Wl,--start-group -lc -lm -Wl,--end-group
Finished building target: ADC with PulseLength input and output.elf
 
arm-none-eabi-size   ADC\ with\ PulseLength\ input\ and\ output.elf 
arm-none-eabi-objdump -h -S  ADC\ with\ PulseLength\ input\ and\ output.elf  > "ADC with PulseLength input and output.list"
   text	   data	    bss	    dec	    hex	filename
  12956	     24	   1824	  14804	   39d4	ADC with PulseLength input and output.elf
Finished building: default.size.stdout
 
Finished building: ADC with PulseLength input and output.list
 
13:45:17 **** Incremental Build of configuration Release for project ADC with PulseLength input and output ****
make -j12 all 
arm-none-eabi-size   ADC\ with\ PulseLength\ input\ and\ output.elf 
   text	   data	    bss	    dec	    hex	filename
  12956	     24	   1824	  14804	   39d4	ADC with PulseLength input and output.elf
Finished building: default.size.stdout
 
13:47:28 **** Incremental Build of configuration Release for project ADC with PulseLength input and output ****
make -j12 all 
arm-none-eabi-gcc "../Core/Src/main.c" -mcpu=cortex-m0plus -std=gnu11 -DUSE_HAL_DRIVER -DSTM32L011xx -c -I../Core/Inc -I../Drivers/STM32L0xx_HAL_Driver/Inc -I../Drivers/STM32L0xx_HAL_Driver/Inc/Legacy -I../Drivers/CMSIS/Device/ST/STM32L0xx/Include -I../Drivers/CMSIS/Include -Os -ffunction-sections -fdata-sections -Wall -fstack-usage -fcyclomatic-complexity -MMD -MP -MF"Core/Src/main.d" -MT"Core/Src/main.o" --specs=nano.specs -mfloat-abi=soft -mthumb -o "Core/Src/main.o"
arm-none-eabi-gcc -o "ADC with PulseLength input and output.elf" @"objects.list"   -mcpu=cortex-m0plus -T"/home/psabater/THRUST/thrust_controller-main/firmware/ADC with PulseLength input and output/STM32L011F4PX_FLASH.ld" --specs=nosys.specs -Wl,-Map="ADC with PulseLength input and output.map" -Wl,--gc-sections -static --specs=nano.specs -mfloat-abi=soft -mthumb -Wl,--start-group -lc -lm -Wl,--end-group
Finished building target: ADC with PulseLength input and output.elf
 
arm-none-eabi-size   ADC\ with\ PulseLength\ input\ and\ output.elf 
arm-none-eabi-objdump -h -S  ADC\ with\ PulseLength\ input\ and\ output.elf  > "ADC with PulseLength input and output.list"
   text	   data	    bss	    dec	    hex	filename
  12888	     24	   1824	  14736	   3990	ADC with PulseLength input and output.elf
Finished building: default.size.stdout
 
Finished building: ADC with PulseLength input and output.list
 
13:50:54 **** Incremental Build of configuration Release for project ADC with PulseLength input and output ****
make -j12 all 
arm-none-eabi-gcc "../Core/Src/main.c" -mcpu=cortex-m0plus -std=gnu11 -DUSE_HAL_DRIVER -DSTM32L011xx -c -I../Core/Inc -I../Drivers/STM32L0xx_HAL_Driver/Inc -I../Drivers/STM32L0xx_HAL_Driver/Inc/Legacy -I../Drivers/CMSIS/Device/ST/STM32L0xx/Include -I../Drivers/CMSIS/Include -Os -ffunction-sections -fdata-sections -Wall -fstack-usage -fcyclomatic-complexity -MMD -MP -MF"Core/Src/main.d" -MT"Core/Src/main.o" --specs=nano.specs -mfloat-abi=soft -mthumb -o "Core/Src/main.o"
arm-none-eabi-gcc -o "ADC with PulseLength input and output.elf" @"objects.list"   -mcpu=cortex-m0plus -T"/home/psabater/THRUST/thrust_controller-main/firmware/ADC with PulseLength input and output/STM32L011F4PX_FLASH.ld" --specs=nosys.specs -Wl,-Map="ADC with PulseLength input and output.map" -Wl,--gc-sections -static --specs=nano.specs -mfloat-abi=soft -mthumb -Wl,--start-group -lc -lm -Wl,--end-group
Finished building target: ADC with PulseLength input and output.elf
 
arm-none-eabi-size   ADC\ with\ PulseLength\ input\ and\ output.elf 
arm-none-eabi-objdump -h -S  ADC\ with\ PulseLength\ input\ and\ output.elf  > "ADC with PulseLength input and output.list"
   text	   data	    bss	    dec	    hex	filename
  12884	     24	   1824	  14732	   398c	ADC with PulseLength input and output.elf
Finished building: default.size.stdout
 
Finished building: ADC with PulseLength input and output.list
 
13:52:59 **** Incremental Build of configuration Release for project ADC with PulseLength input and output ****
make -j12 all 
arm-none-eabi-size   ADC\ with\ PulseLength\ input\ and\ output.elf 
   text	   data	    bss	    dec	    hex	filename
  12884	     24	   1824	  14732	   398c	ADC with PulseLength input and output.elf
Finished building: default.size.stdout
 
13:53:31 **** Incremental Build of configuration Release for project ADC with PulseLength input and output ****
make -j12 all 
arm-none-eabi-size   ADC\ with\ PulseLength\ input\ and\ output.elf 
   text	   data	    bss	    dec	    hex	filename
  12884	     24	   1824	  14732	   398c	ADC with PulseLength input and output.elf
Finished building: default.size.stdout
 
13:55:13 **** Incremental Build of configuration Release for project ADC with PulseLength input and output ****
make -j12 all 
arm-none-eabi-size   ADC\ with\ PulseLength\ input\ and\ output.elf 
   text	   data	    bss	    dec	    hex	filename
  12884	     24	   1824	  14732	   398c	ADC with PulseLength input and output.elf
Finished building: default.size.stdout
 
13:56:54 **** Incremental Build of configuration Release for project ADC with PulseLength input and output ****
make -j12 all 
arm-none-eabi-gcc "../Core/Src/main.c" -mcpu=cortex-m0plus -std=gnu11 -DUSE_HAL_DRIVER -DSTM32L011xx -c -I../Core/Inc -I../Drivers/STM32L0xx_HAL_Driver/Inc -I../Drivers/STM32L0xx_HAL_Driver/Inc/Legacy -I../Drivers/CMSIS/Device/ST/STM32L0xx/Include -I../Drivers/CMSIS/Include -Os -ffunction-sections -fdata-sections -Wall -fstack-usage -fcyclomatic-complexity -MMD -MP -MF"Core/Src/main.d" -MT"Core/Src/main.o" --specs=nano.specs -mfloat-abi=soft -mthumb -o "Core/Src/main.o"
arm-none-eabi-gcc -o "ADC with PulseLength input and output.elf" @"objects.list"   -mcpu=cortex-m0plus -T"/home/psabater/THRUST/thrust_controller-main/firmware/ADC with PulseLength input and output/STM32L011F4PX_FLASH.ld" --specs=nosys.specs -Wl,-Map="ADC with PulseLength input and output.map" -Wl,--gc-sections -static --specs=nano.specs -mfloat-abi=soft -mthumb -Wl,--start-group -lc -lm -Wl,--end-group
Finished building target: ADC with PulseLength input and output.elf
 
arm-none-eabi-size   ADC\ with\ PulseLength\ input\ and\ output.elf 
arm-none-eabi-objdump -h -S  ADC\ with\ PulseLength\ input\ and\ output.elf  > "ADC with PulseLength input and output.list"
   text	   data	    bss	    dec	    hex	filename
  12944	     24	   1824	  14792	   39c8	ADC with PulseLength input and output.elf
Finished building: default.size.stdout
 
Finished building: ADC with PulseLength input and output.list
 
14:00:02 **** Incremental Build of configuration Release for project ADC with PulseLength input and output ****
make -j12 all 
arm-none-eabi-gcc "../Core/Src/main.c" -mcpu=cortex-m0plus -std=gnu11 -DUSE_HAL_DRIVER -DSTM32L011xx -c -I../Core/Inc -I../Drivers/STM32L0xx_HAL_Driver/Inc -I../Drivers/STM32L0xx_HAL_Driver/Inc/Legacy -I../Drivers/CMSIS/Device/ST/STM32L0xx/Include -I../Drivers/CMSIS/Include -Os -ffunction-sections -fdata-sections -Wall -fstack-usage -fcyclomatic-complexity -MMD -MP -MF"Core/Src/main.d" -MT"Core/Src/main.o" --specs=nano.specs -mfloat-abi=soft -mthumb -o "Core/Src/main.o"
arm-none-eabi-gcc -o "ADC with PulseLength input and output.elf" @"objects.list"   -mcpu=cortex-m0plus -T"/home/psabater/THRUST/thrust_controller-main/firmware/ADC with PulseLength input and output/STM32L011F4PX_FLASH.ld" --specs=nosys.specs -Wl,-Map="ADC with PulseLength input and output.map" -Wl,--gc-sections -static --specs=nano.specs -mfloat-abi=soft -mthumb -Wl,--start-group -lc -lm -Wl,--end-group
Finished building target: ADC with PulseLength input and output.elf
 
arm-none-eabi-size   ADC\ with\ PulseLength\ input\ and\ output.elf 
arm-none-eabi-objdump -h -S  ADC\ with\ PulseLength\ input\ and\ output.elf  > "ADC with PulseLength input and output.list"
   text	   data	    bss	    dec	    hex	filename
  12944	     24	   1824	  14792	   39c8	ADC with PulseLength input and output.elf
Finished building: default.size.stdout
 
Finished building: ADC with PulseLength input and output.list
 
15:19:44 **** Incremental Build of configuration Release for project ADC with PulseLength input and output ****
make -j12 all 
arm-none-eabi-gcc "../Core/Src/main.c" -mcpu=cortex-m0plus -std=gnu11 -DUSE_HAL_DRIVER -DSTM32L011xx -c -I../Core/Inc -I../Drivers/STM32L0xx_HAL_Driver/Inc -I../Drivers/STM32L0xx_HAL_Driver/Inc/Legacy -I../Drivers/CMSIS/Device/ST/STM32L0xx/Include -I../Drivers/CMSIS/Include -Os -ffunction-sections -fdata-sections -Wall -fstack-usage -fcyclomatic-complexity -MMD -MP -MF"Core/Src/main.d" -MT"Core/Src/main.o" --specs=nano.specs -mfloat-abi=soft -mthumb -o "Core/Src/main.o"
arm-none-eabi-gcc -o "ADC with PulseLength input and output.elf" @"objects.list"   -mcpu=cortex-m0plus -T"/home/psabater/THRUST/thrust_controller-main/firmware/ADC with PulseLength input and output/STM32L011F4PX_FLASH.ld" --specs=nosys.specs -Wl,-Map="ADC with PulseLength input and output.map" -Wl,--gc-sections -static --specs=nano.specs -mfloat-abi=soft -mthumb -Wl,--start-group -lc -lm -Wl,--end-group
Finished building target: ADC with PulseLength input and output.elf
 
arm-none-eabi-size   ADC\ with\ PulseLength\ input\ and\ output.elf 
arm-none-eabi-objdump -h -S  ADC\ with\ PulseLength\ input\ and\ output.elf  > "ADC with PulseLength input and output.list"
   text	   data	    bss	    dec	    hex	filename
  12948	     24	   1824	  14796	   39cc	ADC with PulseLength input and output.elf
Finished building: default.size.stdout
 
Finished building: ADC with PulseLength input and output.list
 
15:20:12 **** Incremental Build of configuration Release for project ADC with PulseLength input and output ****
make -j12 all 
arm-none-eabi-size   ADC\ with\ PulseLength\ input\ and\ output.elf 
   text	   data	    bss	    dec	    hex	filename
  12948	     24	   1824	  14796	   39cc	ADC with PulseLength input and output.elf
Finished building: default.size.stdout
 
15:21:04 **** Incremental Build of configuration Release for project ADC with PulseLength input and output ****
make -j12 all 
arm-none-eabi-gcc "../Core/Src/main.c" -mcpu=cortex-m0plus -std=gnu11 -DUSE_HAL_DRIVER -DSTM32L011xx -c -I../Core/Inc -I../Drivers/STM32L0xx_HAL_Driver/Inc -I../Drivers/STM32L0xx_HAL_Driver/Inc/Legacy -I../Drivers/CMSIS/Device/ST/STM32L0xx/Include -I../Drivers/CMSIS/Include -Os -ffunction-sections -fdata-sections -Wall -fstack-usage -fcyclomatic-complexity -MMD -MP -MF"Core/Src/main.d" -MT"Core/Src/main.o" --specs=nano.specs -mfloat-abi=soft -mthumb -o "Core/Src/main.o"
arm-none-eabi-gcc -o "ADC with PulseLength input and output.elf" @"objects.list"   -mcpu=cortex-m0plus -T"/home/psabater/THRUST/thrust_controller-main/firmware/ADC with PulseLength input and output/STM32L011F4PX_FLASH.ld" --specs=nosys.specs -Wl,-Map="ADC with PulseLength input and output.map" -Wl,--gc-sections -static --specs=nano.specs -mfloat-abi=soft -mthumb -Wl,--start-group -lc -lm -Wl,--end-group
Finished building target: ADC with PulseLength input and output.elf
 
arm-none-eabi-size   ADC\ with\ PulseLength\ input\ and\ output.elf 
arm-none-eabi-objdump -h -S  ADC\ with\ PulseLength\ input\ and\ output.elf  > "ADC with PulseLength input and output.list"
   text	   data	    bss	    dec	    hex	filename
  12944	     24	   1824	  14792	   39c8	ADC with PulseLength input and output.elf
Finished building: default.size.stdout
 
Finished building: ADC with PulseLength input and output.list
 
15:31:04 **** Incremental Build of configuration Release for project ADC with PulseLength input and output ****
make -j12 all 
arm-none-eabi-gcc "../Core/Src/main.c" -mcpu=cortex-m0plus -std=gnu11 -DUSE_HAL_DRIVER -DSTM32L011xx -c -I../Core/Inc -I../Drivers/STM32L0xx_HAL_Driver/Inc -I../Drivers/STM32L0xx_HAL_Driver/Inc/Legacy -I../Drivers/CMSIS/Device/ST/STM32L0xx/Include -I../Drivers/CMSIS/Include -Os -ffunction-sections -fdata-sections -Wall -fstack-usage -fcyclomatic-complexity -MMD -MP -MF"Core/Src/main.d" -MT"Core/Src/main.o" --specs=nano.specs -mfloat-abi=soft -mthumb -o "Core/Src/main.o"
arm-none-eabi-gcc -o "ADC with PulseLength input and output.elf" @"objects.list"   -mcpu=cortex-m0plus -T"/home/psabater/THRUST/thrust_controller-main/firmware/ADC with PulseLength input and output/STM32L011F4PX_FLASH.ld" --specs=nosys.specs -Wl,-Map="ADC with PulseLength input and output.map" -Wl,--gc-sections -static --specs=nano.specs -mfloat-abi=soft -mthumb -Wl,--start-group -lc -lm -Wl,--end-group
Finished building target: ADC with PulseLength input and output.elf
 
arm-none-eabi-size   ADC\ with\ PulseLength\ input\ and\ output.elf 
arm-none-eabi-objdump -h -S  ADC\ with\ PulseLength\ input\ and\ output.elf  > "ADC with PulseLength input and output.list"
   text	   data	    bss	    dec	    hex	filename
  12944	     24	   1824	  14792	   39c8	ADC with PulseLength input and output.elf
Finished building: default.size.stdout
 
Finished building: ADC with PulseLength input and output.list
 
15:36:07 **** Incremental Build of configuration Release for project ADC with PulseLength input and output ****
make -j12 all 
arm-none-eabi-size   ADC\ with\ PulseLength\ input\ and\ output.elf 
   text	   data	    bss	    dec	    hex	filename
  12944	     24	   1824	  14792	   39c8	ADC with PulseLength input and output.elf
Finished building: default.size.stdout
 
15:36:32 **** Incremental Build of configuration Release for project ADC with PulseLength input and output ****
make -j12 all 
arm-none-eabi-size   ADC\ with\ PulseLength\ input\ and\ output.elf 
   text	   data	    bss	    dec	    hex	filename
  12944	     24	   1824	  14792	   39c8	ADC with PulseLength input and output.elf
Finished building: default.size.stdout
 
15:41:52 **** Incremental Build of configuration Release for project ADC_PWM_PulseLength ****
make -j12 all 
arm-none-eabi-size   ADC_PWM_PulseLength.elf 
   text	   data	    bss	    dec	    hex	filename
  12960	     24	   1824	  14808	   39d8	ADC_PWM_PulseLength.elf
Finished building: default.size.stdout
 
15:42:14 **** Incremental Build of configuration Release for project ADC_PWM_PulseLength ****
make -j12 all 
arm-none-eabi-size   ADC_PWM_PulseLength.elf 
   text	   data	    bss	    dec	    hex	filename
  12960	     24	   1824	  14808	   39d8	ADC_PWM_PulseLength.elf
Finished building: default.size.stdout
 
15:42:29 **** Incremental Build of configuration Release for project ADC_PWM_PulseLength ****
make -j12 all 
arm-none-eabi-size   ADC_PWM_PulseLength.elf 
   text	   data	    bss	    dec	    hex	filename
  12960	     24	   1824	  14808	   39d8	ADC_PWM_PulseLength.elf
Finished building: default.size.stdout
 
15:45:24 **** Incremental Build of configuration Release for project ADC_PWM_PulseLength ****
make -j12 all 
arm-none-eabi-size   ADC_PWM_PulseLength.elf 
   text	   data	    bss	    dec	    hex	filename
  12960	     24	   1824	  14808	   39d8	ADC_PWM_PulseLength.elf
Finished building: default.size.stdout
 
15:49:40 **** Incremental Build of configuration Release for project ADC with PulseLength input and output ****
make -j12 all 
arm-none-eabi-size   ADC\ with\ PulseLength\ input\ and\ output.elf 
   text	   data	    bss	    dec	    hex	filename
  12944	     24	   1824	  14792	   39c8	ADC with PulseLength input and output.elf
Finished building: default.size.stdout
 
15:54:00 **** Incremental Build of configuration Release for project ADC_PWM_PulseLength ****
make -j12 all 
arm-none-eabi-size   ADC_PWM_PulseLength.elf 
   text	   data	    bss	    dec	    hex	filename
  12960	     24	   1824	  14808	   39d8	ADC_PWM_PulseLength.elf
Finished building: default.size.stdout
 
15:54:37 **** Incremental Build of configuration Release for project ADC_PWM_PulseLength ****
make -j12 all 
arm-none-eabi-size   ADC_PWM_PulseLength.elf 
   text	   data	    bss	    dec	    hex	filename
  12960	     24	   1824	  14808	   39d8	ADC_PWM_PulseLength.elf
Finished building: default.size.stdout
 
15:56:59 **** Incremental Build of configuration Release for project ADC with PulseLength input and output ****
make -j12 all 
arm-none-eabi-size   ADC\ with\ PulseLength\ input\ and\ output.elf 
   text	   data	    bss	    dec	    hex	filename
  12944	     24	   1824	  14792	   39c8	ADC with PulseLength input and output.elf
Finished building: default.size.stdout
 
15:59:04 **** Incremental Build of configuration Release for project ADC with PulseLength input and output ****
make -j12 all 
arm-none-eabi-gcc "../Core/Src/main.c" -mcpu=cortex-m0plus -std=gnu11 -DUSE_HAL_DRIVER -DSTM32L011xx -c -I../Core/Inc -I../Drivers/STM32L0xx_HAL_Driver/Inc -I../Drivers/STM32L0xx_HAL_Driver/Inc/Legacy -I../Drivers/CMSIS/Device/ST/STM32L0xx/Include -I../Drivers/CMSIS/Include -Os -ffunction-sections -fdata-sections -Wall -fstack-usage -fcyclomatic-complexity -MMD -MP -MF"Core/Src/main.d" -MT"Core/Src/main.o" --specs=nano.specs -mfloat-abi=soft -mthumb -o "Core/Src/main.o"
arm-none-eabi-gcc -o "ADC with PulseLength input and output.elf" @"objects.list"   -mcpu=cortex-m0plus -T"/home/psabater/THRUST/thrust_controller-main/firmware/ADC with PulseLength input and output/STM32L011F4PX_FLASH.ld" --specs=nosys.specs -Wl,-Map="ADC with PulseLength input and output.map" -Wl,--gc-sections -static --specs=nano.specs -mfloat-abi=soft -mthumb -Wl,--start-group -lc -lm -Wl,--end-group
Finished building target: ADC with PulseLength input and output.elf
 
arm-none-eabi-size   ADC\ with\ PulseLength\ input\ and\ output.elf 
arm-none-eabi-objdump -h -S  ADC\ with\ PulseLength\ input\ and\ output.elf  > "ADC with PulseLength input and output.list"
   text	   data	    bss	    dec	    hex	filename
  12948	     24	   1824	  14796	   39cc	ADC with PulseLength input and output.elf
Finished building: default.size.stdout
 
Finished building: ADC with PulseLength input and output.list
 
16:04:21 **** Incremental Build of configuration Release for project ADC with PulseLength input and output ****
make -j12 all 
arm-none-eabi-size   ADC\ with\ PulseLength\ input\ and\ output.elf 
   text	   data	    bss	    dec	    hex	filename
  12948	     24	   1824	  14796	   39cc	ADC with PulseLength input and output.elf
Finished building: default.size.stdout
 
16:09:03 **** Incremental Build of configuration Release for project ADC with PulseLength input and output ****
make -j12 all 
arm-none-eabi-gcc "../Core/Src/main.c" -mcpu=cortex-m0plus -std=gnu11 -DUSE_HAL_DRIVER -DSTM32L011xx -c -I../Core/Inc -I../Drivers/STM32L0xx_HAL_Driver/Inc -I../Drivers/STM32L0xx_HAL_Driver/Inc/Legacy -I../Drivers/CMSIS/Device/ST/STM32L0xx/Include -I../Drivers/CMSIS/Include -Os -ffunction-sections -fdata-sections -Wall -fstack-usage -fcyclomatic-complexity -MMD -MP -MF"Core/Src/main.d" -MT"Core/Src/main.o" --specs=nano.specs -mfloat-abi=soft -mthumb -o "Core/Src/main.o"
arm-none-eabi-gcc -o "ADC with PulseLength input and output.elf" @"objects.list"   -mcpu=cortex-m0plus -T"/home/psabater/THRUST/thrust_controller-main/firmware/ADC with PulseLength input and output/STM32L011F4PX_FLASH.ld" --specs=nosys.specs -Wl,-Map="ADC with PulseLength input and output.map" -Wl,--gc-sections -static --specs=nano.specs -mfloat-abi=soft -mthumb -Wl,--start-group -lc -lm -Wl,--end-group
Finished building target: ADC with PulseLength input and output.elf
 
arm-none-eabi-size   ADC\ with\ PulseLength\ input\ and\ output.elf 
arm-none-eabi-objdump -h -S  ADC\ with\ PulseLength\ input\ and\ output.elf  > "ADC with PulseLength input and output.list"
   text	   data	    bss	    dec	    hex	filename
  12960	     24	   1824	  14808	   39d8	ADC with PulseLength input and output.elf
Finished building: default.size.stdout
 
Finished building: ADC with PulseLength input and output.list
 
16:10:28 **** Incremental Build of configuration Release for project ADC with PulseLength input and output ****
make -j12 all 
arm-none-eabi-size   ADC\ with\ PulseLength\ input\ and\ output.elf 
   text	   data	    bss	    dec	    hex	filename
  12960	     24	   1824	  14808	   39d8	ADC with PulseLength input and output.elf
Finished building: default.size.stdout
 
16:11:09 **** Incremental Build of configuration Release for project ADC with PulseLength input and output ****
make -j12 all 
arm-none-eabi-gcc "../Core/Src/main.c" -mcpu=cortex-m0plus -std=gnu11 -DUSE_HAL_DRIVER -DSTM32L011xx -c -I../Core/Inc -I../Drivers/STM32L0xx_HAL_Driver/Inc -I../Drivers/STM32L0xx_HAL_Driver/Inc/Legacy -I../Drivers/CMSIS/Device/ST/STM32L0xx/Include -I../Drivers/CMSIS/Include -Os -ffunction-sections -fdata-sections -Wall -fstack-usage -fcyclomatic-complexity -MMD -MP -MF"Core/Src/main.d" -MT"Core/Src/main.o" --specs=nano.specs -mfloat-abi=soft -mthumb -o "Core/Src/main.o"
arm-none-eabi-gcc -o "ADC with PulseLength input and output.elf" @"objects.list"   -mcpu=cortex-m0plus -T"/home/psabater/THRUST/thrust_controller-main/firmware/ADC with PulseLength input and output/STM32L011F4PX_FLASH.ld" --specs=nosys.specs -Wl,-Map="ADC with PulseLength input and output.map" -Wl,--gc-sections -static --specs=nano.specs -mfloat-abi=soft -mthumb -Wl,--start-group -lc -lm -Wl,--end-group
Finished building target: ADC with PulseLength input and output.elf
 
arm-none-eabi-size   ADC\ with\ PulseLength\ input\ and\ output.elf 
arm-none-eabi-objdump -h -S  ADC\ with\ PulseLength\ input\ and\ output.elf  > "ADC with PulseLength input and output.list"
   text	   data	    bss	    dec	    hex	filename
  12956	     24	   1824	  14804	   39d4	ADC with PulseLength input and output.elf
Finished building: default.size.stdout
 
Finished building: ADC with PulseLength input and output.list
 
